80.241.211.186 - - [04/Mar/2018:00:07:01 -0300] "GET /robots.txt HTTP/1.1" 200 24 "-" "Mozilla/5.0 (compatible; MJ12bot/v1.4.8; http://mj12bot.com/)" -
80.241.211.186 - - [04/Mar/2018:00:07:11 -0300] "GET / HTTP/1.1" 200 61103 "-" "Mozilla/5.0 (compatible; MJ12bot/v1.4.8; http://mj12bot.com/)" -
216.244.66.238 - - [04/Mar/2018:00:10:30 -0300] "GET /robots.txt HTTP/1.1" 200 24 "-" "Mozilla/5.0 (compatible; DotBot/1.1; http://www.opensiteexplorer.org/dotbot, help@moz.com)" -
216.244.66.238 - - [04/Mar/2018:00:10:31 -0300] "GET /robots.txt HTTP/1.1" 200 24 "-" "Mozilla/5.0 (compatible; DotBot/1.1; http://www.opensiteexplorer.org/dotbot, help@moz.com)" -
216.244.66.238 - - [04/Mar/2018:00:22:47 -0300] "GET /arquivos/publicacoes/5a900acc2cef7.pdf HTTP/1.1" 200 43587 "-" "Mozilla/5.0 (compatible; DotBot/1.1; http://www.opensiteexplorer.org/dotbot, help@moz.com)" -
216.244.66.238 - - [04/Mar/2018:00:22:50 -0300] "GET /arquivos/publicacoes/5a9010bf7082b.pdf HTTP/1.1" 200 314757 "-" "Mozilla/5.0 (compatible; DotBot/1.1; http://www.opensiteexplorer.org/dotbot, help@moz.com)" -
216.244.66.238 - - [04/Mar/2018:00:39:50 -0300] "GET /robots.txt HTTP/1.1" 200 24 "-" "Mozilla/5.0 (compatible; DotBot/1.1; http://www.opensiteexplorer.org/dotbot, help@moz.com)" -
216.244.66.238 - - [04/Mar/2018:00:39:50 -0300] "GET /robots.txt HTTP/1.1" 200 24 "-" "Mozilla/5.0 (compatible; DotBot/1.1; http://www.opensiteexplorer.org/dotbot, help@moz.com)" -
216.244.66.234 - - [04/Mar/2018:00:43:40 -0300] "GET /robots.txt HTTP/1.1" 200 24 "-" "Mozilla/5.0 (compatible; DotBot/1.1; http://www.opensiteexplorer.org/dotbot, help@moz.com)" -
216.244.66.238 - - [04/Mar/2018:00:51:49 -0300] "GET /arquivos/publicacoes/5a9026d3c42a5.pdf HTTP/1.1" 200 83553 "-" "Mozilla/5.0 (compatible; DotBot/1.1; http://www.opensiteexplorer.org/dotbot, help@moz.com)" -
216.244.66.234 - - [04/Mar/2018:00:55:38 -0300] "GET /arquivos/publicacoes/5a900b0a05a23.pdf HTTP/1.1" 200 75505 "-" "Mozilla/5.0 (compatible; DotBot/1.1; http://www.opensiteexplorer.org/dotbot, help@moz.com)" -
216.244.66.234 - - [04/Mar/2018:00:55:41 -0300] "GET /arquivos/publicacoes/5a90149dd5a03.pdf HTTP/1.1" 200 391060 "-" "Mozilla/5.0 (compatible; DotBot/1.1; http://www.opensiteexplorer.org/dotbot, help@moz.com)" -
216.244.66.234 - - [04/Mar/2018:00:55:43 -0300] "GET /arquivos/publicacoes/5a902544eb9f3.pdf HTTP/1.1" 200 141337 "-" "Mozilla/5.0 (compatible; DotBot/1.1; http://www.opensiteexplorer.org/dotbot, help@moz.com)" -
216.244.66.238 - - [04/Mar/2018:01:09:15 -0300] "GET /robots.txt HTTP/1.1" 200 24 "-" "Mozilla/5.0 (compatible; DotBot/1.1; http://www.opensiteexplorer.org/dotbot, help@moz.com)" -
216.244.66.234 - - [04/Mar/2018:01:12:07 -0300] "GET /robots.txt HTTP/1.1" 200 24 "-" "Mozilla/5.0 (compatible; DotBot/1.1; http://www.opensiteexplorer.org/dotbot, help@moz.com)" -
216.244.66.238 - - [04/Mar/2018:01:21:27 -0300] "GET /arquivos/publicacoes/5a902b29a3b60.pdf HTTP/1.1" 200 39108 "-" "Mozilla/5.0 (compatible; DotBot/1.1; http://www.opensiteexplorer.org/dotbot, help@moz.com)" -
216.244.66.234 - - [04/Mar/2018:01:24:00 -0300] "GET /arquivos/publicacoes/5a8ecc4890973.pdf HTTP/1.1" 200 332854 "-" "Mozilla/5.0 (compatible; DotBot/1.1; http://www.opensiteexplorer.org/dotbot, help@moz.com)" -
216.244.66.238 - - [04/Mar/2018:01:38:09 -0300] "GET /robots.txt HTTP/1.1" 200 24 "-" "Mozilla/5.0 (compatible; DotBot/1.1; http://www.opensiteexplorer.org/dotbot, help@moz.com)" -
216.244.66.238 - - [04/Mar/2018:01:38:09 -0300] "GET /robots.txt HTTP/1.1" 200 24 "-" "Mozilla/5.0 (compatible; DotBot/1.1; http://www.opensiteexplorer.org/dotbot, help@moz.com)" -
216.244.66.234 - - [04/Mar/2018:01:40:48 -0300] "GET /robots.txt HTTP/1.1" 200 24 "-" "Mozilla/5.0 (compatible; DotBot/1.1; http://www.opensiteexplorer.org/dotbot, help@moz.com)" -
216.244.66.238 - - [04/Mar/2018:01:49:56 -0300] "GET /arquivos/publicacoes/5a9025b0d586d.pdf HTTP/1.1" 200 299222 "-" "Mozilla/5.0 (compatible; DotBot/1.1; http://www.opensiteexplorer.org/dotbot, help@moz.com)" -
216.244.66.234 - - [04/Mar/2018:01:53:02 -0300] "GET /arquivos/publicacoes/5a8f380b4004c.pdf HTTP/1.1" 200 61387 "-" "Mozilla/5.0 (compatible; DotBot/1.1; http://www.opensiteexplorer.org/dotbot, help@moz.com)" -
216.244.66.238 - - [04/Mar/2018:02:06:00 -0300] "GET /arquivos/publicacoes/5a9025b0d586d.pdf HTTP/1.1" 200 299222 "-" "Mozilla/5.0 (compatible; DotBot/1.1; http://www.opensiteexplorer.org/dotbot, help@moz.com)" -
216.244.66.234 - - [04/Mar/2018:02:09:36 -0300] "GET /robots.txt HTTP/1.1" 200 24 "-" "Mozilla/5.0 (compatible; DotBot/1.1; http://www.opensiteexplorer.org/dotbot, help@moz.com)" -
66.249.64.134 - - [04/Mar/2018:02:15:19 -0300] "GET /robots.txt HTTP/1.1" 200 24 "-" "Mozilla/5.0 (compatible; Googlebot/2.1; +http://www.google.com/bot.html)" -
66.249.64.132 - - [04/Mar/2018:02:15:19 -0300] "GET /publicacoes-tipo/plano-municipal-de-saude HTTP/1.1" 200 30670 "-" "Mozilla/5.0 (compatible; Googlebot/2.1; +http://www.google.com/bot.html)" -
216.244.66.238 - - [04/Mar/2018:02:28:35 -0300] "GET /robots.txt HTTP/1.1" 200 24 "-" "Mozilla/5.0 (compatible; DotBot/1.1; http://www.opensiteexplorer.org/dotbot, help@moz.com)" -
216.244.66.234 - - [04/Mar/2018:02:38:16 -0300] "GET /robots.txt HTTP/1.1" 200 24 "-" "Mozilla/5.0 (compatible; DotBot/1.1; http://www.opensiteexplorer.org/dotbot, help@moz.com)" -
216.244.66.234 - - [04/Mar/2018:02:38:16 -0300] "GET /robots.txt HTTP/1.1" 200 24 "-" "Mozilla/5.0 (compatible; DotBot/1.1; http://www.opensiteexplorer.org/dotbot, help@moz.com)" -
216.244.66.238 - - [04/Mar/2018:02:39:57 -0300] "GET /publicacoes-tipo/relatorio-detalhado-quadrimestral HTTP/1.1" 200 34016 "-" "Mozilla/5.0 (compatible; DotBot/1.1; http://www.opensiteexplorer.org/dotbot, help@moz.com)" -
216.244.66.238 - - [04/Mar/2018:02:40:09 -0300] "GET /arquivos/publicacoes/5a8f34dc73300.pdf HTTP/1.1" 200 44318 "-" "Mozilla/5.0 (compatible; DotBot/1.1; http://www.opensiteexplorer.org/dotbot, help@moz.com)" -
216.244.66.234 - - [04/Mar/2018:02:50:04 -0300] "GET /pagina/sobre-a-secretaria-samae HTTP/1.1" 200 22896 "-" "Mozilla/5.0 (compatible; DotBot/1.1; http://www.opensiteexplorer.org/dotbot, help@moz.com)" -
216.244.66.234 - - [04/Mar/2018:02:50:09 -0300] "GET /arquivos/publicacoes/5a8ed901e77e9.pdf HTTP/1.1" 200 218680 "-" "Mozilla/5.0 (compatible; DotBot/1.1; http://www.opensiteexplorer.org/dotbot, help@moz.com)" -
216.244.66.238 - - [04/Mar/2018:02:57:34 -0300] "GET /robots.txt HTTP/1.1" 200 24 "-" "Mozilla/5.0 (compatible; DotBot/1.1; http://www.opensiteexplorer.org/dotbot, help@moz.com)" -
216.244.66.234 - - [04/Mar/2018:03:06:46 -0300] "GET /robots.txt HTTP/1.1" 200 24 "-" "Mozilla/5.0 (compatible; DotBot/1.1; http://www.opensiteexplorer.org/dotbot, help@moz.com)" -
216.244.66.247 - - [04/Mar/2018:03:28:45 -0300] "GET /robots.txt HTTP/1.1" 200 24 "-" "Mozilla/5.0 (compatible; DotBot/1.1; http://www.opensiteexplorer.org/dotbot, help@moz.com)" -
216.244.66.238 - - [04/Mar/2018:03:55:23 -0300] "GET /robots.txt HTTP/1.1" 200 24 "-" "Mozilla/5.0 (compatible; DotBot/1.1; http://www.opensiteexplorer.org/dotbot, help@moz.com)" -
216.244.66.234 - - [04/Mar/2018:04:04:07 -0300] "GET /robots.txt HTTP/1.1" 200 24 "-" "Mozilla/5.0 (compatible; DotBot/1.1; http://www.opensiteexplorer.org/dotbot, help@moz.com)" -
216.244.66.238 - - [04/Mar/2018:04:07:32 -0300] "GET /arquivos/publicacoes/5a900f0c56674.pdf HTTP/1.1" 200 136696 "-" "Mozilla/5.0 (compatible; DotBot/1.1; http://www.opensiteexplorer.org/dotbot, help@moz.com)" -
216.244.66.247 - - [04/Mar/2018:04:07:52 -0300] "GET /noticia/sanesul-de-camapua-e-contemplada-com-caminhao-cacamba HTTP/1.1" 200 23845 "-" "Mozilla/5.0 (compatible; DotBot/1.1; http://www.opensiteexplorer.org/dotbot, help@moz.com)" -
216.244.66.234 - - [04/Mar/2018:04:16:18 -0300] "GET /arquivos/publicacoes/5a8f06d812db2.pdf HTTP/1.1" 200 8934884 "-" "Mozilla/5.0 (compatible; DotBot/1.1; http://www.opensiteexplorer.org/dotbot, help@moz.com)" -
216.244.66.234 - - [04/Mar/2018:04:17:08 -0300] "GET /arquivos/publicacoes/5a9016a4202c3.pdf HTTP/1.1" 200 476195 "-" "Mozilla/5.0 (compatible; DotBot/1.1; http://www.opensiteexplorer.org/dotbot, help@moz.com)" -
216.244.66.234 - - [04/Mar/2018:04:17:37 -0300] "GET /arquivos/publicacoes/5a902972e6c14.pdf HTTP/1.1" 200 148955 "-" "Mozilla/5.0 (compatible; DotBot/1.1; http://www.opensiteexplorer.org/dotbot, help@moz.com)" -
216.244.66.238 - - [04/Mar/2018:04:24:54 -0300] "GET /robots.txt HTTP/1.1" 200 24 "-" "Mozilla/5.0 (compatible; DotBot/1.1; http://www.opensiteexplorer.org/dotbot, help@moz.com)" -
216.244.66.238 - - [04/Mar/2018:04:24:55 -0300] "GET /robots.txt HTTP/1.1" 200 24 "-" "Mozilla/5.0 (compatible; DotBot/1.1; http://www.opensiteexplorer.org/dotbot, help@moz.com)" -
216.244.66.234 - - [04/Mar/2018:04:32:59 -0300] "GET /robots.txt HTTP/1.1" 200 24 "-" "Mozilla/5.0 (compatible; DotBot/1.1; http://www.opensiteexplorer.org/dotbot, help@moz.com)" -
66.249.64.129 - - [04/Mar/2018:04:34:42 -0300] "GET /publicacoes-tipo/portarias HTTP/1.1" 200 29588 "-" "Mozilla/5.0 (compatible; Googlebot/2.1; +http://www.google.com/bot.html)" -
66.249.64.132 - - [04/Mar/2018:04:34:50 -0300] "GET /css/style.min.css HTTP/1.1" 200 11546 "http://www.i9cg.com.br/publicacoes-tipo/portarias" "Mozilla/5.0 (compatible; Googlebot/2.1; +http://www.google.com/bot.html)" -
66.249.64.129 - - [04/Mar/2018:04:34:51 -0300] "GET /libs/bootstrap/dist/css/bootstrap.min.css HTTP/1.1" 200 121200 "http://www.i9cg.com.br/publicacoes-tipo/portarias" "Mozilla/5.0 (compatible; Googlebot/2.1; +http://www.google.com/bot.html)" -
216.244.66.238 - - [04/Mar/2018:04:36:49 -0300] "GET /arquivos/publicacoes/5a8f03d78613d.pdf HTTP/1.1" 200 7532271 "-" "Mozilla/5.0 (compatible; DotBot/1.1; http://www.opensiteexplorer.org/dotbot, help@moz.com)" -
216.244.66.238 - - [04/Mar/2018:04:37:44 -0300] "GET /arquivos/publicacoes/5a8f399e8a985.pdf HTTP/1.1" 200 46580 "-" "Mozilla/5.0 (compatible; DotBot/1.1; http://www.opensiteexplorer.org/dotbot, help@moz.com)" -
216.244.66.238 - - [04/Mar/2018:04:37:47 -0300] "GET /arquivos/publicacoes/5a900595acf46.pdf HTTP/1.1" 200 409716 "-" "Mozilla/5.0 (compatible; DotBot/1.1; http://www.opensiteexplorer.org/dotbot, help@moz.com)" -
216.244.66.234 - - [04/Mar/2018:05:01:41 -0300] "GET /robots.txt HTTP/1.1" 200 24 "-" "Mozilla/5.0 (compatible; DotBot/1.1; http://www.opensiteexplorer.org/dotbot, help@moz.com)" -
66.249.64.134 - - [04/Mar/2018:05:04:51 -0300] "GET /publicacoes-tipo/programacao-anual-de-saude HTTP/1.1" 200 31852 "-" "Mozilla/5.0 (compatible; Googlebot/2.1; +http://www.google.com/bot.html)" -
66.249.64.129 - - [04/Mar/2018:05:07:51 -0300] "GET /publicacoes-tipo/decretos HTTP/1.1" 200 33490 "-" "Mozilla/5.0 (compatible; Googlebot/2.1; +http://www.google.com/bot.html)" -
216.244.66.234 - - [04/Mar/2018:05:13:55 -0300] "GET /arquivos/midias/5a8ebb2ea6317.pdf HTTP/1.1" 200 408133 "-" "Mozilla/5.0 (compatible; DotBot/1.1; http://www.opensiteexplorer.org/dotbot, help@moz.com)" -
216.244.66.238 - - [04/Mar/2018:05:22:54 -0300] "GET /robots.txt HTTP/1.1" 200 24 "-" "Mozilla/5.0 (compatible; DotBot/1.1; http://www.opensiteexplorer.org/dotbot, help@moz.com)" -
216.244.66.238 - - [04/Mar/2018:05:22:54 -0300] "GET /robots.txt HTTP/1.1" 200 24 "-" "Mozilla/5.0 (compatible; DotBot/1.1; http://www.opensiteexplorer.org/dotbot, help@moz.com)" -
66.249.64.134 - - [04/Mar/2018:05:25:15 -0300] "GET /publicacoes-tipo/conselho-municipal-de-saude HTTP/1.1" 200 32272 "-" "Mozilla/5.0 (compatible; Googlebot/2.1; +http://www.google.com/bot.html)" -
216.244.66.234 - - [04/Mar/2018:05:31:03 -0300] "GET /robots.txt HTTP/1.1" 200 24 "-" "Mozilla/5.0 (compatible; DotBot/1.1; http://www.opensiteexplorer.org/dotbot, help@moz.com)" -
216.244.66.238 - - [04/Mar/2018:05:34:42 -0300] "GET /noticia/secretaria-de-saude-realiza-acao-no-centro-da-cidade HTTP/1.1" 200 23369 "-" "Mozilla/5.0 (compatible; DotBot/1.1; http://www.opensiteexplorer.org/dotbot, help@moz.com)" -
216.244.66.238 - - [04/Mar/2018:05:34:51 -0300] "GET /arquivos/publicacoes/5a9024f8cd743.pdf HTTP/1.1" 200 294257 "-" "Mozilla/5.0 (compatible; DotBot/1.1; http://www.opensiteexplorer.org/dotbot, help@moz.com)" -
216.244.66.234 - - [04/Mar/2018:05:43:29 -0300] "GET /arquivos/publicacoes/5a8ed2884876c.pdf HTTP/1.1" 200 896091 "-" "Mozilla/5.0 (compatible; DotBot/1.1; http://www.opensiteexplorer.org/dotbot, help@moz.com)" -
216.244.66.238 - - [04/Mar/2018:05:52:05 -0300] "GET /robots.txt HTTP/1.1" 200 24 "-" "Mozilla/5.0 (compatible; DotBot/1.1; http://www.opensiteexplorer.org/dotbot, help@moz.com)" -
66.249.64.132 - - [04/Mar/2018:05:54:45 -0300] "GET /publicacoes-tipo/programacao-anual-de-saude HTTP/1.1" 200 31852 "-" "Mozilla/5.0 (Linux; Android 6.0.1; Nexus 5X Build/MMB29P) AppleWebKit/537.36 (KHTML, like Gecko) Chrome/41.0.2272.96 Mobile Safari/537.36 (compatible; Googlebot/2.1; +http://www.google.com/bot.html)" -
216.244.66.234 - - [04/Mar/2018:06:01:30 -0300] "GET /robots.txt HTTP/1.1" 200 24 "-" "Mozilla/5.0 (compatible; DotBot/1.1; http://www.opensiteexplorer.org/dotbot, help@moz.com)" -
216.244.66.238 - - [04/Mar/2018:06:04:06 -0300] "GET /arquivos/publicacoes/5a90167ad6a73.pdf HTTP/1.1" 200 281129 "-" "Mozilla/5.0 (compatible; DotBot/1.1; http://www.opensiteexplorer.org/dotbot, help@moz.com)" -
216.244.66.238 - - [04/Mar/2018:06:21:38 -0300] "GET /robots.txt HTTP/1.1" 200 24 "-" "Mozilla/5.0 (compatible; DotBot/1.1; http://www.opensiteexplorer.org/dotbot, help@moz.com)" -
216.244.66.238 - - [04/Mar/2018:06:33:12 -0300] "GET /arquivos/publicacoes/5a8ffe3c00770.pdf HTTP/1.1" 200 308477 "-" "Mozilla/5.0 (compatible; DotBot/1.1; http://www.opensiteexplorer.org/dotbot, help@moz.com)" -
216.244.66.238 - - [04/Mar/2018:06:52:43 -0300] "GET /robots.txt HTTP/1.1" 200 24 "-" "Mozilla/5.0 (compatible; DotBot/1.1; http://www.opensiteexplorer.org/dotbot, help@moz.com)" -
66.249.64.132 - - [04/Mar/2018:07:09:05 -0300] "GET /pagina/sobre-a-secretaria-samae HTTP/1.1" 200 22896 "-" "Mozilla/5.0 (compatible; Googlebot/2.1; +http://www.google.com/bot.html)" -
216.244.66.238 - - [04/Mar/2018:07:30:25 -0300] "GET /robots.txt HTTP/1.1" 200 24 "-" "Mozilla/5.0 (compatible; DotBot/1.1; http://www.opensiteexplorer.org/dotbot, help@moz.com)" -
216.244.66.238 - - [04/Mar/2018:07:30:25 -0300] "GET /robots.txt HTTP/1.1" 200 24 "-" "Mozilla/5.0 (compatible; DotBot/1.1; http://www.opensiteexplorer.org/dotbot, help@moz.com)" -
216.244.66.234 - - [04/Mar/2018:07:31:53 -0300] "GET /robots.txt HTTP/1.1" 200 24 "-" "Mozilla/5.0 (compatible; DotBot/1.1; http://www.opensiteexplorer.org/dotbot, help@moz.com)" -
66.249.64.129 - - [04/Mar/2018:07:35:57 -0300] "GET / HTTP/1.1" 200 61103 "-" "Mozilla/5.0 (compatible; Googlebot/2.1; +http://www.google.com/bot.html)" -
216.244.66.238 - - [04/Mar/2018:07:43:26 -0300] "GET /arquivos/publicacoes/5a9000f4c53e2.pdf HTTP/1.1" 200 5356679 "-" "Mozilla/5.0 (compatible; DotBot/1.1; http://www.opensiteexplorer.org/dotbot, help@moz.com)" -
216.244.66.238 - - [04/Mar/2018:07:44:04 -0300] "GET /arquivos/publicacoes/5a902ade82975.pdf HTTP/1.1" 200 15734 "-" "Mozilla/5.0 (compatible; DotBot/1.1; http://www.opensiteexplorer.org/dotbot, help@moz.com)" -
216.244.66.238 - - [04/Mar/2018:08:00:03 -0300] "GET /robots.txt HTTP/1.1" 200 24 "-" "Mozilla/5.0 (compatible; DotBot/1.1; http://www.opensiteexplorer.org/dotbot, help@moz.com)" -
216.244.66.234 - - [04/Mar/2018:08:00:23 -0300] "GET /robots.txt HTTP/1.1" 200 24 "-" "Mozilla/5.0 (compatible; DotBot/1.1; http://www.opensiteexplorer.org/dotbot, help@moz.com)" -
66.249.64.129 - - [04/Mar/2018:08:08:22 -0300] "GET /pagina/sobre-a-secretaria-samae HTTP/1.1" 200 22896 "-" "Mozilla/5.0 (Linux; Android 6.0.1; Nexus 5X Build/MMB29P) AppleWebKit/537.36 (KHTML, like Gecko) Chrome/41.0.2272.96 Mobile Safari/537.36 (compatible; Googlebot/2.1; +http://www.google.com/bot.html)" -
216.244.66.238 - - [04/Mar/2018:08:11:37 -0300] "GET /arquivos/publicacoes/5a9026c8050df.pdf HTTP/1.1" 200 92789 "-" "Mozilla/5.0 (compatible; DotBot/1.1; http://www.opensiteexplorer.org/dotbot, help@moz.com)" -
216.244.66.238 - - [04/Mar/2018:08:29:08 -0300] "GET /robots.txt HTTP/1.1" 200 24 "-" "Mozilla/5.0 (compatible; DotBot/1.1; http://www.opensiteexplorer.org/dotbot, help@moz.com)" -
216.244.66.238 - - [04/Mar/2018:08:40:33 -0300] "GET /arquivos/publicacoes/5a90155303cd3.pdf HTTP/1.1" 200 272037 "-" "Mozilla/5.0 (compatible; DotBot/1.1; http://www.opensiteexplorer.org/dotbot, help@moz.com)" -
66.249.64.132 - - [04/Mar/2018:09:16:01 -0300] "GET /publicacoes-tipo/processo-seletivo HTTP/1.1" 200 42560 "-" "Mozilla/5.0 (Linux; Android 6.0.1; Nexus 5X Build/MMB29P) AppleWebKit/537.36 (KHTML, like Gecko) Chrome/41.0.2272.96 Mobile Safari/537.36 (compatible; Googlebot/2.1; +http://www.google.com/bot.html)" -
66.249.64.129 - - [04/Mar/2018:09:17:37 -0300] "GET /publicacoes-tipo/portarias HTTP/1.1" 200 29588 "-" "Mozilla/5.0 (Linux; Android 6.0.1; Nexus 5X Build/MMB29P) AppleWebKit/537.36 (KHTML, like Gecko) Chrome/41.0.2272.96 Mobile Safari/537.36 (compatible; Googlebot/2.1; +http://www.google.com/bot.html)" -
66.249.64.134 - - [04/Mar/2018:09:20:22 -0300] "GET /publicacoes-tipo/plano-municipal-de-contingencia-de-dengue HTTP/1.1" 200 30688 "-" "Mozilla/5.0 (compatible; Googlebot/2.1; +http://www.google.com/bot.html)" -
216.244.66.238 - - [04/Mar/2018:09:26:18 -0300] "GET /robots.txt HTTP/1.1" 200 24 "-" "Mozilla/5.0 (compatible; DotBot/1.1; http://www.opensiteexplorer.org/dotbot, help@moz.com)" -
216.244.66.238 - - [04/Mar/2018:09:26:18 -0300] "GET /robots.txt HTTP/1.1" 200 24 "-" "Mozilla/5.0 (compatible; DotBot/1.1; http://www.opensiteexplorer.org/dotbot, help@moz.com)" -
216.244.66.238 - - [04/Mar/2018:09:38:20 -0300] "GET /arquivos/publicacoes/5a8f04dbc4f00.pdf HTTP/1.1" 200 7070319 "-" "Mozilla/5.0 (compatible; DotBot/1.1; http://www.opensiteexplorer.org/dotbot, help@moz.com)" -
216.244.66.238 - - [04/Mar/2018:09:55:09 -0300] "GET /robots.txt HTTP/1.1" 200 24 "-" "Mozilla/5.0 (compatible; DotBot/1.1; http://www.opensiteexplorer.org/dotbot, help@moz.com)" -
216.244.66.238 - - [04/Mar/2018:10:07:03 -0300] "GET /publicacoes-tipo/lei-ordinaria HTTP/1.1" 200 31157 "-" "Mozilla/5.0 (compatible; DotBot/1.1; http://www.opensiteexplorer.org/dotbot, help@moz.com)" -
216.244.66.234 - - [04/Mar/2018:10:22:29 -0300] "GET /robots.txt HTTP/1.1" 200 24 "-" "Mozilla/5.0 (compatible; DotBot/1.1; http://www.opensiteexplorer.org/dotbot, help@moz.com)" -
216.244.66.238 - - [04/Mar/2018:10:23:51 -0300] "GET /robots.txt HTTP/1.1" 200 24 "-" "Mozilla/5.0 (compatible; DotBot/1.1; http://www.opensiteexplorer.org/dotbot, help@moz.com)" -
216.244.66.238 - - [04/Mar/2018:10:23:51 -0300] "GET /robots.txt HTTP/1.1" 200 24 "-" "Mozilla/5.0 (compatible; DotBot/1.1; http://www.opensiteexplorer.org/dotbot, help@moz.com)" -
216.244.66.247 - - [04/Mar/2018:10:29:03 -0300] "GET /robots.txt HTTP/1.1" 200 24 "-" "Mozilla/5.0 (compatible; DotBot/1.1; http://www.opensiteexplorer.org/dotbot, help@moz.com)" -
216.244.66.238 - - [04/Mar/2018:10:35:52 -0300] "GET /arquivos/publicacoes/5a90028c96d59.doc HTTP/1.1" 200 277504 "-" "Mozilla/5.0 (compatible; DotBot/1.1; http://www.opensiteexplorer.org/dotbot, help@moz.com)" -
216.244.66.238 - - [04/Mar/2018:10:36:05 -0300] "GET /arquivos/publicacoes/5a900a06069cd.pdf HTTP/1.1" 200 108950 "-" "Mozilla/5.0 (compatible; DotBot/1.1; http://www.opensiteexplorer.org/dotbot, help@moz.com)" -
216.244.66.234 - - [04/Mar/2018:10:50:47 -0300] "GET /robots.txt HTTP/1.1" 200 24 "-" "Mozilla/5.0 (compatible; DotBot/1.1; http://www.opensiteexplorer.org/dotbot, help@moz.com)" -
216.244.66.238 - - [04/Mar/2018:10:52:40 -0300] "GET /robots.txt HTTP/1.1" 200 24 "-" "Mozilla/5.0 (compatible; DotBot/1.1; http://www.opensiteexplorer.org/dotbot, help@moz.com)" -
216.244.66.238 - - [04/Mar/2018:10:52:40 -0300] "GET /robots.txt HTTP/1.1" 200 24 "-" "Mozilla/5.0 (compatible; DotBot/1.1; http://www.opensiteexplorer.org/dotbot, help@moz.com)" -
216.244.66.238 - - [04/Mar/2018:11:04:29 -0300] "GET /publicacoes-tipo/plano-municipal-de-saude HTTP/1.1" 200 30670 "-" "Mozilla/5.0 (compatible; DotBot/1.1; http://www.opensiteexplorer.org/dotbot, help@moz.com)" -
216.244.66.238 - - [04/Mar/2018:11:04:44 -0300] "GET /arquivos/publicacoes/5a9025cfad100.pdf HTTP/1.1" 200 371678 "-" "Mozilla/5.0 (compatible; DotBot/1.1; http://www.opensiteexplorer.org/dotbot, help@moz.com)" -
216.244.66.247 - - [04/Mar/2018:11:08:11 -0300] "GET /noticia/prefeito-vice-e-primeira-dama-participam-da-sessao-solene-de-abertura-dos-trabalhos-legislativos HTTP/1.1" 200 1071209 "-" "Mozilla/5.0 (compatible; DotBot/1.1; http://www.opensiteexplorer.org/dotbot, help@moz.com)" -
216.244.66.238 - - [04/Mar/2018:11:21:32 -0300] "GET /robots.txt HTTP/1.1" 200 24 "-" "Mozilla/5.0 (compatible; DotBot/1.1; http://www.opensiteexplorer.org/dotbot, help@moz.com)" -
66.249.64.129 - - [04/Mar/2018:11:21:33 -0300] "GET /publicacoes-tipo/relatorio-anual-de-gestao HTTP/1.1" 200 31450 "-" "Mozilla/5.0 (compatible; Googlebot/2.1; +http://www.google.com/bot.html)" -
216.244.66.238 - - [04/Mar/2018:11:33:14 -0300] "GET /publicacoes-tipo/concursos-publicos HTTP/1.1" 200 39150 "-" "Mozilla/5.0 (compatible; DotBot/1.1; http://www.opensiteexplorer.org/dotbot, help@moz.com)" -
216.244.66.238 - - [04/Mar/2018:11:33:28 -0300] "GET /arquivos/publicacoes/5a9014651eb6a.pdf HTTP/1.1" 200 442756 "-" "Mozilla/5.0 (compatible; DotBot/1.1; http://www.opensiteexplorer.org/dotbot, help@moz.com)" -
216.244.66.234 - - [04/Mar/2018:11:47:10 -0300] "GET /robots.txt HTTP/1.1" 200 24 "-" "Mozilla/5.0 (compatible; DotBot/1.1; http://www.opensiteexplorer.org/dotbot, help@moz.com)" -
216.244.66.238 - - [04/Mar/2018:12:19:17 -0300] "GET /robots.txt HTTP/1.1" 200 24 "-" "Mozilla/5.0 (compatible; DotBot/1.1; http://www.opensiteexplorer.org/dotbot, help@moz.com)" -
216.244.66.238 - - [04/Mar/2018:12:31:15 -0300] "GET /arquivos/publicacoes/5a900b0a05a23.pdf HTTP/1.1" 200 75505 "-" "Mozilla/5.0 (compatible; DotBot/1.1; http://www.opensiteexplorer.org/dotbot, help@moz.com)" -
216.244.66.238 - - [04/Mar/2018:12:31:19 -0300] "GET /arquivos/publicacoes/5a90149dd5a03.pdf HTTP/1.1" 200 391060 "-" "Mozilla/5.0 (compatible; DotBot/1.1; http://www.opensiteexplorer.org/dotbot, help@moz.com)" -
216.244.66.238 - - [04/Mar/2018:12:31:21 -0300] "GET /arquivos/publicacoes/5a902544eb9f3.pdf HTTP/1.1" 200 141337 "-" "Mozilla/5.0 (compatible; DotBot/1.1; http://www.opensiteexplorer.org/dotbot, help@moz.com)" -
66.249.64.129 - - [04/Mar/2018:12:36:25 -0300] "GET /publicacoes-tipo/relatorio-anual-de-gestao HTTP/1.1" 200 31450 "-" "Mozilla/5.0 (Linux; Android 6.0.1; Nexus 5X Build/MMB29P) AppleWebKit/537.36 (KHTML, like Gecko) Chrome/41.0.2272.96 Mobile Safari/537.36 (compatible; Googlebot/2.1; +http://www.google.com/bot.html)" -
216.244.66.234 - - [04/Mar/2018:12:44:00 -0300] "GET /robots.txt HTTP/1.1" 200 24 "-" "Mozilla/5.0 (compatible; DotBot/1.1; http://www.opensiteexplorer.org/dotbot, help@moz.com)" -
216.244.66.238 - - [04/Mar/2018:12:48:00 -0300] "GET /robots.txt HTTP/1.1" 200 24 "-" "Mozilla/5.0 (compatible; DotBot/1.1; http://www.opensiteexplorer.org/dotbot, help@moz.com)" -
216.244.66.234 - - [04/Mar/2018:12:55:22 -0300] "GET /arquivos/publicacoes/5a8f0d914d872.pdf HTTP/1.1" 200 366516 "-" "Mozilla/5.0 (compatible; DotBot/1.1; http://www.opensiteexplorer.org/dotbot, help@moz.com)" -
216.244.66.234 - - [04/Mar/2018:12:55:33 -0300] "GET /arquivos/publicacoes/5a900c2449fb8.pdf HTTP/1.1" 200 711028 "-" "Mozilla/5.0 (compatible; DotBot/1.1; http://www.opensiteexplorer.org/dotbot, help@moz.com)" -
216.244.66.238 - - [04/Mar/2018:12:59:55 -0300] "GET /arquivos/publicacoes/5a8ecc4890973.pdf HTTP/1.1" 200 332854 "-" "Mozilla/5.0 (compatible; DotBot/1.1; http://www.opensiteexplorer.org/dotbot, help@moz.com)" -
216.244.66.238 - - [04/Mar/2018:13:17:00 -0300] "GET /robots.txt HTTP/1.1" 200 24 "-" "Mozilla/5.0 (compatible; DotBot/1.1; http://www.opensiteexplorer.org/dotbot, help@moz.com)" -
93.158.161.82 - - [04/Mar/2018:13:25:57 -0300] "GET /robots.txt HTTP/1.1" 200 24 "-" "Mozilla/5.0 (compatible; YandexBot/3.0; +http://yandex.com/bots)" -
93.158.161.82 - - [04/Mar/2018:13:26:01 -0300] "GET /favicon.ico HTTP/1.1" 200 - "-" "Mozilla/5.0 (compatible; YandexBot/3.0; +http://yandex.com/bots)" -
216.244.66.238 - - [04/Mar/2018:13:29:20 -0300] "GET /arquivos/publicacoes/5a8f380b4004c.pdf HTTP/1.1" 200 61387 "-" "Mozilla/5.0 (compatible; DotBot/1.1; http://www.opensiteexplorer.org/dotbot, help@moz.com)" -
216.244.66.234 - - [04/Mar/2018:13:42:12 -0300] "GET /robots.txt HTTP/1.1" 200 24 "-" "Mozilla/5.0 (compatible; DotBot/1.1; http://www.opensiteexplorer.org/dotbot, help@moz.com)" -
216.244.66.234 - - [04/Mar/2018:13:42:13 -0300] "GET /robots.txt HTTP/1.1" 200 24 "-" "Mozilla/5.0 (compatible; DotBot/1.1; http://www.opensiteexplorer.org/dotbot, help@moz.com)" -
216.244.66.238 - - [04/Mar/2018:13:48:30 -0300] "GET /robots.txt HTTP/1.1" 200 24 "-" "Mozilla/5.0 (compatible; DotBot/1.1; http://www.opensiteexplorer.org/dotbot, help@moz.com)" -
162.243.184.237 - - [04/Mar/2018:13:51:21 -0300] "GET /robots.txt HTTP/1.1" 200 24 "-" "Mozilla/5.0 (compatible; spbot/5.0.3; +http://OpenLinkProfiler.org/bot )" -
162.243.184.237 - - [04/Mar/2018:13:51:27 -0300] "GET / HTTP/1.1" 200 61103 "-" "Mozilla/5.0 (compatible; spbot/5.0.3; +http://OpenLinkProfiler.org/bot )" -
162.243.184.237 - - [04/Mar/2018:13:51:29 -0300] "GET /contato HTTP/1.1" 200 23958 "http://www.i9cg.com.br/" "Mozilla/5.0 (compatible; spbot/5.0.3; +http://OpenLinkProfiler.org/bot )" -
162.243.184.237 - - [04/Mar/2018:13:51:31 -0300] "GET /galerias HTTP/1.1" 200 22237 "http://www.i9cg.com.br/" "Mozilla/5.0 (compatible; spbot/5.0.3; +http://OpenLinkProfiler.org/bot )" -
162.243.184.237 - - [04/Mar/2018:13:51:36 -0300] "GET /noticias HTTP/1.1" 200 40773 "http://www.i9cg.com.br/" "Mozilla/5.0 (compatible; spbot/5.0.3; +http://OpenLinkProfiler.org/bot )" -
162.243.184.237 - - [04/Mar/2018:13:51:41 -0300] "GET /galeria/1 HTTP/1.1" 200 23382 "http://www.i9cg.com.br/" "Mozilla/5.0 (compatible; spbot/5.0.3; +http://OpenLinkProfiler.org/bot )" -
162.243.184.237 - - [04/Mar/2018:13:51:47 -0300] "GET /publicacoes HTTP/1.1" 200 74430 "http://www.i9cg.com.br/" "Mozilla/5.0 (compatible; spbot/5.0.3; +http://OpenLinkProfiler.org/bot )" -
162.243.184.237 - - [04/Mar/2018:13:51:51 -0300] "GET /noticias?page=2 HTTP/1.1" 200 25838 "http://www.i9cg.com.br/noticias" "Mozilla/5.0 (compatible; spbot/5.0.3; +http://OpenLinkProfiler.org/bot )" -
162.243.184.237 - - [04/Mar/2018:13:51:56 -0300] "GET /noticias?page=1 HTTP/1.1" 200 40773 "http://www.i9cg.com.br/noticias?page=2" "Mozilla/5.0 (compatible; spbot/5.0.3; +http://OpenLinkProfiler.org/bot )" -
162.243.184.237 - - [04/Mar/2018:13:52:01 -0300] "GET /pagina/como-chegar HTTP/1.1" 200 22309 "http://www.i9cg.com.br/" "Mozilla/5.0 (compatible; spbot/5.0.3; +http://OpenLinkProfiler.org/bot )" -
162.243.184.237 - - [04/Mar/2018:13:52:06 -0300] "GET /publicacoes-tipo/decretos HTTP/1.1" 200 33302 "http://www.i9cg.com.br/" "Mozilla/5.0 (compatible; spbot/5.0.3; +http://OpenLinkProfiler.org/bot )" -
162.243.184.237 - - [04/Mar/2018:13:52:12 -0300] "GET / HTTP/1.1" 200 60695 "http://i9cg.com.br/publicacoes-tipo/decretos" "Mozilla/5.0 (compatible; spbot/5.0.3; +http://OpenLinkProfiler.org/bot )" -
162.243.184.237 - - [04/Mar/2018:13:52:16 -0300] "GET /contato HTTP/1.1" 200 23846 "http://i9cg.com.br/publicacoes-tipo/decretos" "Mozilla/5.0 (compatible; spbot/5.0.3; +http://OpenLinkProfiler.org/bot )" -
162.243.184.237 - - [04/Mar/2018:13:52:22 -0300] "GET /noticias HTTP/1.1" 200 40537 "http://i9cg.com.br/publicacoes-tipo/decretos" "Mozilla/5.0 (compatible; spbot/5.0.3; +http://OpenLinkProfiler.org/bot )" -
162.243.184.237 - - [04/Mar/2018:13:52:27 -0300] "GET /galerias HTTP/1.1" 200 22121 "http://i9cg.com.br/" "Mozilla/5.0 (compatible; spbot/5.0.3; +http://OpenLinkProfiler.org/bot )" -
162.243.184.237 - - [04/Mar/2018:13:52:32 -0300] "GET /galeria/1 HTTP/1.1" 200 23250 "http://i9cg.com.br/" "Mozilla/5.0 (compatible; spbot/5.0.3; +http://OpenLinkProfiler.org/bot )" -
162.243.184.237 - - [04/Mar/2018:13:52:36 -0300] "GET /publicacoes HTTP/1.1" 200 73954 "http://i9cg.com.br/publicacoes-tipo/decretos" "Mozilla/5.0 (compatible; spbot/5.0.3; +http://OpenLinkProfiler.org/bot )" -
162.243.184.237 - - [04/Mar/2018:13:52:41 -0300] "GET /noticias?page=2 HTTP/1.1" 200 25698 "http://i9cg.com.br/noticias" "Mozilla/5.0 (compatible; spbot/5.0.3; +http://OpenLinkProfiler.org/bot )" -
162.243.184.237 - - [04/Mar/2018:13:52:46 -0300] "GET /noticias?page=1 HTTP/1.1" 200 40537 "http://i9cg.com.br/noticias?page=2" "Mozilla/5.0 (compatible; spbot/5.0.3; +http://OpenLinkProfiler.org/bot )" -
162.243.184.237 - - [04/Mar/2018:13:52:51 -0300] "GET /pagina/como-chegar HTTP/1.1" 200 22201 "http://i9cg.com.br/publicacoes-tipo/decretos" "Mozilla/5.0 (compatible; spbot/5.0.3; +http://OpenLinkProfiler.org/bot )" -
162.243.184.237 - - [04/Mar/2018:13:52:56 -0300] "GET /pagina/telefones-uteis HTTP/1.1" 200 26523 "http://i9cg.com.br/publicacoes-tipo/decretos" "Mozilla/5.0 (compatible; spbot/5.0.3; +http://OpenLinkProfiler.org/bot )" -
162.243.184.237 - - [04/Mar/2018:13:53:02 -0300] "GET /publicacoes-tipo/edital HTTP/1.1" 200 29416 "http://i9cg.com.br/publicacoes-tipo/decretos" "Mozilla/5.0 (compatible; spbot/5.0.3; +http://OpenLinkProfiler.org/bot )" -
162.243.184.237 - - [04/Mar/2018:13:53:07 -0300] "GET /pagina/conheca-a-cidade HTTP/1.1" 200 27142 "http://i9cg.com.br/publicacoes-tipo/decretos" "Mozilla/5.0 (compatible; spbot/5.0.3; +http://OpenLinkProfiler.org/bot )" -
162.243.184.237 - - [04/Mar/2018:13:53:11 -0300] "GET /pagina/equipe-de-governo HTTP/1.1" 200 30021 "http://i9cg.com.br/publicacoes-tipo/decretos" "Mozilla/5.0 (compatible; spbot/5.0.3; +http://OpenLinkProfiler.org/bot )" -
162.243.184.237 - - [04/Mar/2018:13:53:16 -0300] "GET /publicacoes-tipo/portarias HTTP/1.1" 200 29416 "http://www.i9cg.com.br/" "Mozilla/5.0 (compatible; spbot/5.0.3; +http://OpenLinkProfiler.org/bot )" -
162.243.184.237 - - [04/Mar/2018:13:53:21 -0300] "GET /pagina/telefones-uteis HTTP/1.1" 200 26631 "http://www.i9cg.com.br/" "Mozilla/5.0 (compatible; spbot/5.0.3; +http://OpenLinkProfiler.org/bot )" -
162.243.184.237 - - [04/Mar/2018:13:53:26 -0300] "GET /publicacoes-tipo/edital HTTP/1.1" 200 29588 "http://www.i9cg.com.br/publicacoes" "Mozilla/5.0 (compatible; spbot/5.0.3; +http://OpenLinkProfiler.org/bot )" -
162.243.184.237 - - [04/Mar/2018:13:53:31 -0300] "GET /pagina/conheca-a-cidade HTTP/1.1" 200 27250 "http://www.i9cg.com.br/" "Mozilla/5.0 (compatible; spbot/5.0.3; +http://OpenLinkProfiler.org/bot )" -
162.243.184.237 - - [04/Mar/2018:13:53:36 -0300] "GET /pagina/conheca-a-prefeitura HTTP/1.1" 200 22868 "http://i9cg.com.br/publicacoes-tipo/decretos" "Mozilla/5.0 (compatible; spbot/5.0.3; +http://OpenLinkProfiler.org/bot )" -
162.243.184.237 - - [04/Mar/2018:13:53:42 -0300] "GET /pagina/palavras-do-prefeito HTTP/1.1" 200 68695 "http://i9cg.com.br/publicacoes-tipo/decretos" "Mozilla/5.0 (compatible; spbot/5.0.3; +http://OpenLinkProfiler.org/bot )" -
216.244.66.234 - - [04/Mar/2018:13:53:43 -0300] "GET /arquivos/publicacoes/5a8f0f1078d38.pdf HTTP/1.1" 200 173257 "-" "Mozilla/5.0 (compatible; DotBot/1.1; http://www.opensiteexplorer.org/dotbot, help@moz.com)" -
162.243.184.237 - - [04/Mar/2018:13:53:47 -0300] "GET /pagina/equipe-de-governo HTTP/1.1" 200 30129 "http://www.i9cg.com.br/" "Mozilla/5.0 (compatible; spbot/5.0.3; +http://OpenLinkProfiler.org/bot )" -
216.244.66.234 - - [04/Mar/2018:13:53:49 -0300] "GET /arquivos/publicacoes/5a9009de17a87.pdf HTTP/1.1" 200 237772 "-" "Mozilla/5.0 (compatible; DotBot/1.1; http://www.opensiteexplorer.org/dotbot, help@moz.com)" -
162.243.184.237 - - [04/Mar/2018:13:53:51 -0300] "GET /pagina/historia-do-municipio HTTP/1.1" 200 25038 "http://i9cg.com.br/publicacoes-tipo/decretos" "Mozilla/5.0 (compatible; spbot/5.0.3; +http://OpenLinkProfiler.org/bot )" -
162.243.184.237 - - [04/Mar/2018:13:53:56 -0300] "GET /publicacoes-tipo/decretos HTTP/1.1" 200 33490 "http://www.i9cg.com.br/publicacoes" "Mozilla/5.0 (compatible; spbot/5.0.3; +http://OpenLinkProfiler.org/bot )" -
162.243.184.237 - - [04/Mar/2018:13:54:01 -0300] "GET /pagina/bandeira-brasao-e-hino HTTP/1.1" 200 24921 "http://i9cg.com.br/publicacoes-tipo/decretos" "Mozilla/5.0 (compatible; spbot/5.0.3; +http://OpenLinkProfiler.org/bot )" -
162.243.184.237 - - [04/Mar/2018:13:54:06 -0300] "GET /secretaria/secretaria-de-saude HTTP/1.1" 200 35155 "http://i9cg.com.br/publicacoes-tipo/decretos" "Mozilla/5.0 (compatible; spbot/5.0.3; +http://OpenLinkProfiler.org/bot )" -
162.243.184.237 - - [04/Mar/2018:13:54:11 -0300] "GET /pagina/ouvidoria-do-sus HTTP/1.1" 200 28222 "http://i9cg.com.br/secretaria/secretaria-de-saude" "Mozilla/5.0 (compatible; spbot/5.0.3; +http://OpenLinkProfiler.org/bot )" -
162.243.184.237 - - [04/Mar/2018:13:54:16 -0300] "GET /publicacoes-tipo/portarias HTTP/1.1" 200 29588 "http://www.i9cg.com.br/publicacoes" "Mozilla/5.0 (compatible; spbot/5.0.3; +http://OpenLinkProfiler.org/bot )" -
162.243.184.237 - - [04/Mar/2018:13:54:22 -0300] "GET /publicacoes-tipo/lei-ordinaria HTTP/1.1" 200 30977 "http://www.i9cg.com.br/" "Mozilla/5.0 (compatible; spbot/5.0.3; +http://OpenLinkProfiler.org/bot )" -
162.243.184.237 - - [04/Mar/2018:13:54:26 -0300] "GET /pagina/conheca-a-prefeitura HTTP/1.1" 200 22976 "http://www.i9cg.com.br/" "Mozilla/5.0 (compatible; spbot/5.0.3; +http://OpenLinkProfiler.org/bot )" -
162.243.184.237 - - [04/Mar/2018:13:54:31 -0300] "GET /pagina/palavras-do-prefeito HTTP/1.1" 200 68803 "http://www.i9cg.com.br/" "Mozilla/5.0 (compatible; spbot/5.0.3; +http://OpenLinkProfiler.org/bot )" -
162.243.184.237 - - [04/Mar/2018:13:54:36 -0300] "GET /pagina/sobre-a-secretaria-saude HTTP/1.1" 200 23153 "http://i9cg.com.br/secretaria/secretaria-de-saude" "Mozilla/5.0 (compatible; spbot/5.0.3; +http://OpenLinkProfiler.org/bot )" -
162.243.184.237 - - [04/Mar/2018:13:54:41 -0300] "GET /pagina/historia-do-municipio HTTP/1.1" 200 25146 "http://www.i9cg.com.br/" "Mozilla/5.0 (compatible; spbot/5.0.3; +http://OpenLinkProfiler.org/bot )" -
162.243.184.237 - - [04/Mar/2018:13:54:46 -0300] "GET /pagina/palavras-do-vice-prefeito HTTP/1.1" 200 22684 "http://i9cg.com.br/publicacoes-tipo/decretos" "Mozilla/5.0 (compatible; spbot/5.0.3; +http://OpenLinkProfiler.org/bot )" -
162.243.184.237 - - [04/Mar/2018:13:54:51 -0300] "GET /publicacoes-tipo/lei-complementar HTTP/1.1" 200 31761 "http://www.i9cg.com.br/" "Mozilla/5.0 (compatible; spbot/5.0.3; +http://OpenLinkProfiler.org/bot )" -
162.243.184.237 - - [04/Mar/2018:13:54:56 -0300] "GET /pagina/bandeira-brasao-e-hino HTTP/1.1" 200 25029 "http://www.i9cg.com.br/" "Mozilla/5.0 (compatible; spbot/5.0.3; +http://OpenLinkProfiler.org/bot )" -
162.243.184.237 - - [04/Mar/2018:13:55:01 -0300] "GET /publicacoes-tipo/lei-ordinaria HTTP/1.1" 200 31157 "http://www.i9cg.com.br/publicacoes" "Mozilla/5.0 (compatible; spbot/5.0.3; +http://OpenLinkProfiler.org/bot )" -
162.243.184.237 - - [04/Mar/2018:13:55:06 -0300] "GET /publicacoes-tipo/processo-seletivo HTTP/1.1" 200 42280 "http://www.i9cg.com.br/" "Mozilla/5.0 (compatible; spbot/5.0.3; +http://OpenLinkProfiler.org/bot )" -
162.243.184.237 - - [04/Mar/2018:13:55:12 -0300] "GET /secretaria/secretaria-de-saude HTTP/1.1" 200 35303 "http://www.i9cg.com.br/" "Mozilla/5.0 (compatible; spbot/5.0.3; +http://OpenLinkProfiler.org/bot )" -
162.243.184.237 - - [04/Mar/2018:13:55:17 -0300] "GET /pagina/ouvidoria-do-sus HTTP/1.1" 200 28330 "http://www.i9cg.com.br/secretaria/secretaria-de-saude" "Mozilla/5.0 (compatible; spbot/5.0.3; +http://OpenLinkProfiler.org/bot )" -
162.243.184.237 - - [04/Mar/2018:13:55:21 -0300] "GET /pagina/sobre-a-secretaria-saude HTTP/1.1" 200 23261 "http://www.i9cg.com.br/secretaria/secretaria-de-saude" "Mozilla/5.0 (compatible; spbot/5.0.3; +http://OpenLinkProfiler.org/bot )" -
162.243.184.237 - - [04/Mar/2018:13:55:26 -0300] "GET /publicacoes-tipo/concursos-publicos HTTP/1.1" 200 38906 "http://www.i9cg.com.br/" "Mozilla/5.0 (compatible; spbot/5.0.3; +http://OpenLinkProfiler.org/bot )" -
162.243.184.237 - - [04/Mar/2018:13:55:31 -0300] "GET /pagina/palavras-do-vice-prefeito HTTP/1.1" 200 22792 "http://www.i9cg.com.br/" "Mozilla/5.0 (compatible; spbot/5.0.3; +http://OpenLinkProfiler.org/bot )" -
162.243.184.237 - - [04/Mar/2018:13:55:36 -0300] "GET /publicacoes-tipo/lei-complementar HTTP/1.1" 200 31945 "http://www.i9cg.com.br/publicacoes" "Mozilla/5.0 (compatible; spbot/5.0.3; +http://OpenLinkProfiler.org/bot )" -
162.243.184.237 - - [04/Mar/2018:13:55:41 -0300] "GET /pagina/endereco-das-unidades-de-saude HTTP/1.1" 200 23689 "http://i9cg.com.br/secretaria/secretaria-de-saude" "Mozilla/5.0 (compatible; spbot/5.0.3; +http://OpenLinkProfiler.org/bot )" -
162.243.184.237 - - [04/Mar/2018:13:55:46 -0300] "GET /publicacoes-tipo/processo-seletivo HTTP/1.1" 200 42560 "http://www.i9cg.com.br/publicacoes" "Mozilla/5.0 (compatible; spbot/5.0.3; +http://OpenLinkProfiler.org/bot )" -
162.243.184.237 - - [04/Mar/2018:13:55:51 -0300] "GET /publicacoes-tipo/concursos-publicos HTTP/1.1" 200 39150 "http://www.i9cg.com.br/publicacoes" "Mozilla/5.0 (compatible; spbot/5.0.3; +http://OpenLinkProfiler.org/bot )" -
162.243.184.237 - - [04/Mar/2018:13:55:56 -0300] "GET /publicacoes-tipo/plano-municipal-de-saude HTTP/1.1" 200 30490 "http://i9cg.com.br/publicacoes-tipo/decretos" "Mozilla/5.0 (compatible; spbot/5.0.3; +http://OpenLinkProfiler.org/bot )" -
162.243.184.237 - - [04/Mar/2018:13:56:02 -0300] "GET /pagina/endereco-das-unidades-de-saude HTTP/1.1" 200 23797 "http://www.i9cg.com.br/secretaria/secretaria-de-saude" "Mozilla/5.0 (compatible; spbot/5.0.3; +http://OpenLinkProfiler.org/bot )" -
162.243.184.237 - - [04/Mar/2018:13:56:06 -0300] "GET /publicacoes-tipo/relatorio-anual-de-gestao HTTP/1.1" 200 31266 "http://i9cg.com.br/publicacoes-tipo/decretos" "Mozilla/5.0 (compatible; spbot/5.0.3; +http://OpenLinkProfiler.org/bot )" -
162.243.184.237 - - [04/Mar/2018:13:56:11 -0300] "GET /secretaria/secretaria-de-assistencia-social HTTP/1.1" 200 28972 "http://i9cg.com.br/publicacoes-tipo/decretos" "Mozilla/5.0 (compatible; spbot/5.0.3; +http://OpenLinkProfiler.org/bot )" -
162.243.184.237 - - [04/Mar/2018:13:56:16 -0300] "GET /pagina/sobre-a-secretaria-smas HTTP/1.1" 200 47015 "http://i9cg.com.br/secretaria/secretaria-de-assistencia-social" "Mozilla/5.0 (compatible; spbot/5.0.3; +http://OpenLinkProfiler.org/bot )" -
162.243.184.237 - - [04/Mar/2018:13:56:21 -0300] "GET /publicacoes-tipo/programacao-anual-de-saude HTTP/1.1" 200 31664 "http://i9cg.com.br/publicacoes-tipo/decretos" "Mozilla/5.0 (compatible; spbot/5.0.3; +http://OpenLinkProfiler.org/bot )" -
162.243.184.237 - - [04/Mar/2018:13:56:26 -0300] "GET /secretaria/secretaria-de-assuntos-juridicos HTTP/1.1" 200 28327 "http://i9cg.com.br/publicacoes-tipo/decretos" "Mozilla/5.0 (compatible; spbot/5.0.3; +http://OpenLinkProfiler.org/bot )" -
162.243.184.237 - - [04/Mar/2018:13:56:31 -0300] "GET /pagina/sobre-a-secretaria-saj HTTP/1.1" 200 29616 "http://i9cg.com.br/secretaria/secretaria-de-assuntos-juridicos" "Mozilla/5.0 (compatible; spbot/5.0.3; +http://OpenLinkProfiler.org/bot )" -
162.243.184.237 - - [04/Mar/2018:13:56:36 -0300] "GET /noticia/prefeitura-decreta-ponto-facultativo HTTP/1.1" 200 23288 "http://i9cg.com.br/" "Mozilla/5.0 (compatible; spbot/5.0.3; +http://OpenLinkProfiler.org/bot )" -
162.243.184.237 - - [04/Mar/2018:13:56:41 -0300] "GET /publicacoes-tipo/conselho-municipal-de-saude HTTP/1.1" 200 32084 "http://i9cg.com.br/publicacoes-tipo/decretos" "Mozilla/5.0 (compatible; spbot/5.0.3; +http://OpenLinkProfiler.org/bot )" -
162.243.184.237 - - [04/Mar/2018:13:56:46 -0300] "GET /publicacoes-tipo/plano-municipal-de-saude HTTP/1.1" 200 30670 "http://www.i9cg.com.br/publicacoes" "Mozilla/5.0 (compatible; spbot/5.0.3; +http://OpenLinkProfiler.org/bot )" -
162.243.184.237 - - [04/Mar/2018:13:56:51 -0300] "GET /publicacoes-tipo/relatorio-anual-de-gestao HTTP/1.1" 200 31450 "http://www.i9cg.com.br/publicacoes" "Mozilla/5.0 (compatible; spbot/5.0.3; +http://OpenLinkProfiler.org/bot )" -
162.243.184.237 - - [04/Mar/2018:13:56:56 -0300] "GET /publicacoes-tipo/programacao-anual-de-saude HTTP/1.1" 200 31852 "http://www.i9cg.com.br/publicacoes" "Mozilla/5.0 (compatible; spbot/5.0.3; +http://OpenLinkProfiler.org/bot )" -
162.243.184.237 - - [04/Mar/2018:13:57:01 -0300] "GET /secretaria/secretaria-de-assuntos-juridicos HTTP/1.1" 200 28443 "http://www.i9cg.com.br/" "Mozilla/5.0 (compatible; spbot/5.0.3; +http://OpenLinkProfiler.org/bot )" -
162.243.184.237 - - [04/Mar/2018:13:57:06 -0300] "GET /pagina/sobre-a-secretaria-saj HTTP/1.1" 200 29724 "http://www.i9cg.com.br/secretaria/secretaria-de-assuntos-juridicos" "Mozilla/5.0 (compatible; spbot/5.0.3; +http://OpenLinkProfiler.org/bot )" -
162.243.184.237 - - [04/Mar/2018:13:57:11 -0300] "GET /secretaria/secretaria-de-assistencia-social HTTP/1.1" 200 29096 "http://www.i9cg.com.br/" "Mozilla/5.0 (compatible; spbot/5.0.3; +http://OpenLinkProfiler.org/bot )" -
162.243.184.237 - - [04/Mar/2018:13:57:17 -0300] "GET /pagina/sobre-a-secretaria-smas HTTP/1.1" 200 47123 "http://www.i9cg.com.br/secretaria/secretaria-de-assistencia-social" "Mozilla/5.0 (compatible; spbot/5.0.3; +http://OpenLinkProfiler.org/bot )" -
162.243.184.237 - - [04/Mar/2018:13:57:21 -0300] "GET /publicacoes-tipo/conselho-municipal-de-saude HTTP/1.1" 200 32272 "http://www.i9cg.com.br/publicacoes" "Mozilla/5.0 (compatible; spbot/5.0.3; +http://OpenLinkProfiler.org/bot )" -
162.243.184.237 - - [04/Mar/2018:13:57:27 -0300] "GET /noticia/prefeitura-decreta-ponto-facultativo HTTP/1.1" 200 23404 "http://www.i9cg.com.br/" "Mozilla/5.0 (compatible; spbot/5.0.3; +http://OpenLinkProfiler.org/bot )" -
162.243.184.237 - - [04/Mar/2018:13:57:32 -0300] "GET /publicacoes-tipo/organizacoes-da-sociedade-civil HTTP/1.1" 200 29416 "http://i9cg.com.br/publicacoes-tipo/decretos" "Mozilla/5.0 (compatible; spbot/5.0.3; +http://OpenLinkProfiler.org/bot )" -
162.243.184.237 - - [04/Mar/2018:13:57:37 -0300] "GET /publicacoes-tipo/relatorio-detalhado-quadrimestral HTTP/1.1" 200 33816 "http://i9cg.com.br/publicacoes-tipo/decretos" "Mozilla/5.0 (compatible; spbot/5.0.3; +http://OpenLinkProfiler.org/bot )" -
162.243.184.237 - - [04/Mar/2018:13:57:41 -0300] "GET /publicacoes-tipo/organizacoes-da-sociedade-civil HTTP/1.1" 200 29588 "http://www.i9cg.com.br/publicacoes" "Mozilla/5.0 (compatible; spbot/5.0.3; +http://OpenLinkProfiler.org/bot )" -
162.243.184.237 - - [04/Mar/2018:13:57:46 -0300] "GET /publicacoes-tipo/relatorio-detalhado-quadrimestral HTTP/1.1" 200 34016 "http://www.i9cg.com.br/publicacoes" "Mozilla/5.0 (compatible; spbot/5.0.3; +http://OpenLinkProfiler.org/bot )" -
162.243.184.237 - - [04/Mar/2018:13:57:51 -0300] "GET /noticia/prefeitura-segue-realizando-limpeza-pela-cidade HTTP/1.1" 200 623137 "http://i9cg.com.br/" "Mozilla/5.0 (compatible; spbot/5.0.3; +http://OpenLinkProfiler.org/bot )" -
162.243.184.237 - - [04/Mar/2018:13:57:56 -0300] "GET /secretaria/secretaria-de-educacao-cultura-esporte-e-lazer HTTP/1.1" 200 96126 "http://i9cg.com.br/publicacoes-tipo/decretos" "Mozilla/5.0 (compatible; spbot/5.0.3; +http://OpenLinkProfiler.org/bot )" -
162.243.184.237 - - [04/Mar/2018:13:58:01 -0300] "GET /pagina/sobre-a-secretaria-educacao HTTP/1.1" 200 28385 "http://i9cg.com.br/secretaria/secretaria-de-educacao-cultura-esporte-e-lazer" "Mozilla/5.0 (compatible; spbot/5.0.3; +http://OpenLinkProfiler.org/bot )" -
162.243.184.237 - - [04/Mar/2018:13:58:06 -0300] "GET /noticia/palestra-sobre-piscicultura-e-realizada-em-camapua HTTP/1.1" 200 24357 "http://i9cg.com.br/noticias" "Mozilla/5.0 (compatible; spbot/5.0.3; +http://OpenLinkProfiler.org/bot )" -
162.243.184.237 - - [04/Mar/2018:13:58:11 -0300] "GET /publicacoes-tipo/plano-municipal-de-contingencia-de-dengue HTTP/1.1" 200 30508 "http://i9cg.com.br/publicacoes-tipo/decretos" "Mozilla/5.0 (compatible; spbot/5.0.3; +http://OpenLinkProfiler.org/bot )" -
162.243.184.237 - - [04/Mar/2018:13:58:16 -0300] "GET /secretaria/secretaria-de-infraestrutura-e-servicos-publicos HTTP/1.1" 200 29376 "http://i9cg.com.br/publicacoes-tipo/decretos" "Mozilla/5.0 (compatible; spbot/5.0.3; +http://OpenLinkProfiler.org/bot )" -
162.243.184.237 - - [04/Mar/2018:13:58:22 -0300] "GET /noticia/prefeitura-segue-realizando-limpeza-pela-cidade HTTP/1.1" 200 623253 "http://www.i9cg.com.br/" "Mozilla/5.0 (compatible; spbot/5.0.3; +http://OpenLinkProfiler.org/bot )" -
162.243.184.237 - - [04/Mar/2018:13:58:26 -0300] "GET /noticia/palestra-sobre-cooperativismo-e-realizada-em-camapua HTTP/1.1" 200 101505 "http://i9cg.com.br/" "Mozilla/5.0 (compatible; spbot/5.0.3; +http://OpenLinkProfiler.org/bot )" -
162.243.184.237 - - [04/Mar/2018:13:58:31 -0300] "GET /noticia/secretaria-de-saude-realiza-acao-no-centro-da-cidade HTTP/1.1" 200 23253 "http://i9cg.com.br/" "Mozilla/5.0 (compatible; spbot/5.0.3; +http://OpenLinkProfiler.org/bot )" -
162.243.184.237 - - [04/Mar/2018:13:58:36 -0300] "GET /noticia/prefeito-visita-a-construcao-da-estacao-meteorologica HTTP/1.1" 200 24225 "http://i9cg.com.br/noticias?page=2" "Mozilla/5.0 (compatible; spbot/5.0.3; +http://OpenLinkProfiler.org/bot )" -
162.243.184.237 - - [04/Mar/2018:13:58:42 -0300] "GET /secretaria/secretaria-de-educacao-cultura-esporte-e-lazer HTTP/1.1" 200 96258 "http://www.i9cg.com.br/" "Mozilla/5.0 (compatible; spbot/5.0.3; +http://OpenLinkProfiler.org/bot )" -
162.243.184.237 - - [04/Mar/2018:13:58:46 -0300] "GET /pagina/sobre-a-secretaria-educacao HTTP/1.1" 200 28493 "http://www.i9cg.com.br/secretaria/secretaria-de-educacao-cultura-esporte-e-lazer" "Mozilla/5.0 (compatible; spbot/5.0.3; +http://OpenLinkProfiler.org/bot )" -
162.243.184.237 - - [04/Mar/2018:13:58:51 -0300] "GET /noticia/sanesul-de-camapua-e-contemplada-com-caminhao-cacamba HTTP/1.1" 200 23729 "http://i9cg.com.br/noticias" "Mozilla/5.0 (compatible; spbot/5.0.3; +http://OpenLinkProfiler.org/bot )" -
162.243.184.237 - - [04/Mar/2018:13:58:57 -0300] "GET /noticia/prefeito-recebe-o-deputado-elizeu-dionizio-em-camapua HTTP/1.1" 200 25190 "http://i9cg.com.br/noticias?page=2" "Mozilla/5.0 (compatible; spbot/5.0.3; +http://OpenLinkProfiler.org/bot )" -
162.243.184.237 - - [04/Mar/2018:13:59:01 -0300] "GET /secretaria/secretaria-de-administracao-financas-e-planejamento HTTP/1.1" 200 28394 "http://i9cg.com.br/publicacoes-tipo/decretos" "Mozilla/5.0 (compatible; spbot/5.0.3; +http://OpenLinkProfiler.org/bot )" -
162.243.184.237 - - [04/Mar/2018:13:59:06 -0300] "GET /pagina/sobre-a-secretaria HTTP/1.1" 200 23505 "http://i9cg.com.br/secretaria/secretaria-de-administracao-financas-e-planejamento" "Mozilla/5.0 (compatible; spbot/5.0.3; +http://OpenLinkProfiler.org/bot )" -
162.243.184.237 - - [04/Mar/2018:13:59:11 -0300] "GET /noticia/palestra-sobre-piscicultura-e-realizada-em-camapua HTTP/1.1" 200 24473 "http://www.i9cg.com.br/noticias" "Mozilla/5.0 (compatible; spbot/5.0.3; +http://OpenLinkProfiler.org/bot )" -
162.243.184.237 - - [04/Mar/2018:13:59:16 -0300] "GET /publicacoes-tipo/plano-municipal-de-contingencia-de-dengue HTTP/1.1" 200 30688 "http://www.i9cg.com.br/publicacoes" "Mozilla/5.0 (compatible; spbot/5.0.3; +http://OpenLinkProfiler.org/bot )" -
162.243.184.237 - - [04/Mar/2018:13:59:22 -0300] "GET /secretaria/secretaria-de-infraestrutura-e-servicos-publicos HTTP/1.1" 200 29496 "http://www.i9cg.com.br/" "Mozilla/5.0 (compatible; spbot/5.0.3; +http://OpenLinkProfiler.org/bot )" -
162.243.184.237 - - [04/Mar/2018:13:59:27 -0300] "GET /noticia/secretaria-de-saude-realiza-acao-no-centro-da-cidade HTTP/1.1" 200 23369 "http://www.i9cg.com.br/" "Mozilla/5.0 (compatible; spbot/5.0.3; +http://OpenLinkProfiler.org/bot )" -
162.243.184.237 - - [04/Mar/2018:13:59:31 -0300] "GET /noticia/palestra-sobre-cooperativismo-e-realizada-em-camapua HTTP/1.1" 200 101621 "http://www.i9cg.com.br/" "Mozilla/5.0 (compatible; spbot/5.0.3; +http://OpenLinkProfiler.org/bot )" -
162.243.184.237 - - [04/Mar/2018:13:59:36 -0300] "GET /noticia/prefeito-visita-a-construcao-da-estacao-meteorologica HTTP/1.1" 200 24341 "http://www.i9cg.com.br/noticias?page=2" "Mozilla/5.0 (compatible; spbot/5.0.3; +http://OpenLinkProfiler.org/bot )" -
162.243.184.237 - - [04/Mar/2018:13:59:41 -0300] "GET /noticia/prefeitura-libera-pagamento-na-ultima-quinta-feira-do-mes HTTP/1.1" 200 23666 "http://i9cg.com.br/noticias?page=2" "Mozilla/5.0 (compatible; spbot/5.0.3; +http://OpenLinkProfiler.org/bot )" -
162.243.184.237 - - [04/Mar/2018:13:59:46 -0300] "GET /noticia/sanesul-de-camapua-e-contemplada-com-caminhao-cacamba HTTP/1.1" 200 23845 "http://www.i9cg.com.br/noticias" "Mozilla/5.0 (compatible; spbot/5.0.3; +http://OpenLinkProfiler.org/bot )" -
162.243.184.237 - - [04/Mar/2018:13:59:51 -0300] "GET /noticia/prefeito-recebe-o-deputado-elizeu-dionizio-em-camapua HTTP/1.1" 200 25306 "http://www.i9cg.com.br/noticias?page=2" "Mozilla/5.0 (compatible; spbot/5.0.3; +http://OpenLinkProfiler.org/bot )" -
162.243.184.237 - - [04/Mar/2018:13:59:57 -0300] "GET /secretaria/secretaria-de-administracao-financas-e-planejamento HTTP/1.1" 200 28510 "http://www.i9cg.com.br/" "Mozilla/5.0 (compatible; spbot/5.0.3; +http://OpenLinkProfiler.org/bot )" -
162.243.184.237 - - [04/Mar/2018:14:00:02 -0300] "GET /pagina/sobre-a-secretaria HTTP/1.1" 200 23613 "http://www.i9cg.com.br/secretaria/secretaria-de-administracao-financas-e-planejamento" "Mozilla/5.0 (compatible; spbot/5.0.3; +http://OpenLinkProfiler.org/bot )" -
162.243.184.237 - - [04/Mar/2018:14:00:06 -0300] "GET /noticia/prefeitura-libera-pagamento-na-ultima-quinta-feira-do-mes HTTP/1.1" 200 23782 "http://www.i9cg.com.br/noticias?page=2" "Mozilla/5.0 (compatible; spbot/5.0.3; +http://OpenLinkProfiler.org/bot )" -
162.243.184.237 - - [04/Mar/2018:14:00:11 -0300] "GET /secretaria/secretaria-de-agronegocio-meio-ambiente-e-empreendedorismo HTTP/1.1" 200 27759 "http://i9cg.com.br/publicacoes-tipo/decretos" "Mozilla/5.0 (compatible; spbot/5.0.3; +http://OpenLinkProfiler.org/bot )" -
